2025-09-09 12:53:28,574 [main.py] => Dataset: cars
2025-09-09 12:53:28,574 [main.py] => Task name: cars_16_20
2025-09-09 12:53:28,574 [main.py] => Random seed: 1993
2025-09-09 12:53:29,643 [incre_dataset.py] => class_order:[59, 134, 162, 9, 42, 72, 118, 99, 109, 79, 43, 100, 16, 144, 27, 10, 172, 26, 191, 80, 189, 6, 87, 153, 97, 70, 107, 0, 88, 178, 35, 4, 2, 170, 171, 141, 51, 166, 145, 188, 17, 167, 101, 116, 23, 157, 180, 129, 68, 85, 32, 54, 103, 104, 19, 113, 106, 175, 36, 11, 159, 169, 8, 98, 3, 28, 57, 147, 138, 187, 56, 49, 44, 125, 62, 151, 165, 94, 55, 92, 12, 122, 78, 66, 193, 15, 135, 168, 184, 91, 137, 186, 52, 126, 40, 112, 65, 142, 64, 136, 45, 77, 89, 154, 90, 71, 190, 74, 30, 119, 96, 84, 67, 50, 183, 150, 69, 21, 18, 111, 108, 58, 174, 131, 148, 110, 194, 1, 173, 83, 81, 60, 13, 163, 14, 156, 63, 117, 5, 22, 143, 121, 38, 41, 82, 127, 114, 20, 31, 53, 37, 195, 192, 130, 152, 176, 86, 76, 24, 34, 181, 149, 33, 128, 182, 155, 146, 139, 120, 140, 102, 47, 25, 158, 123, 46, 164, 61, 7, 115, 75, 133, 160, 105, 132, 179, 124, 48, 73, 93, 39, 95, 29, 177, 185, 161] in cars dataset
2025-09-09 12:53:29,643 [incre_dataset.py] => total_class_num:196 in cars dataset
2025-09-09 12:53:36,438 [_builder.py] => Loading pretrained weights from file (downloaded_ptm/in21k.npz)
2025-09-09 12:53:37,274 [vision_transformer_adapter.py] => model_types:vit_base_patch16_224_in21k
2025-09-09 12:53:38,881 [incre_dataset.py] => class_order:[59, 134, 162, 9, 42, 72, 118, 99, 109, 79, 43, 100, 16, 144, 27, 10, 172, 26, 191, 80, 189, 6, 87, 153, 97, 70, 107, 0, 88, 178, 35, 4, 2, 170, 171, 141, 51, 166, 145, 188, 17, 167, 101, 116, 23, 157, 180, 129, 68, 85, 32, 54, 103, 104, 19, 113, 106, 175, 36, 11, 159, 169, 8, 98, 3, 28, 57, 147, 138, 187, 56, 49, 44, 125, 62, 151, 165, 94, 55, 92, 12, 122, 78, 66, 193, 15, 135, 168, 184, 91, 137, 186, 52, 126, 40, 112, 65, 142, 64, 136, 45, 77, 89, 154, 90, 71, 190, 74, 30, 119, 96, 84, 67, 50, 183, 150, 69, 21, 18, 111, 108, 58, 174, 131, 148, 110, 194, 1, 173, 83, 81, 60, 13, 163, 14, 156, 63, 117, 5, 22, 143, 121, 38, 41, 82, 127, 114, 20, 31, 53, 37, 195, 192, 130, 152, 176, 86, 76, 24, 34, 181, 149, 33, 128, 182, 155, 146, 139, 120, 140, 102, 47, 25, 158, 123, 46, 164, 61, 7, 115, 75, 133, 160, 105, 132, 179, 124, 48, 73, 93, 39, 95, 29, 177, 185, 161] in cars dataset
2025-09-09 12:53:38,882 [incre_dataset.py] => total_class_num:196 in cars dataset
2025-09-09 12:53:38,941 [main.py] => Training on the task 1: 
2025-09-09 12:53:38,942 [DPTA.py] => Learning on 0-16
2025-09-09 12:54:01,795 [main.py] => Dataset: cars
2025-09-09 12:54:01,795 [main.py] => Task name: cars_16_20
2025-09-09 12:54:01,796 [main.py] => Random seed: 1993
2025-09-09 12:54:02,693 [incre_dataset.py] => class_order:[59, 134, 162, 9, 42, 72, 118, 99, 109, 79, 43, 100, 16, 144, 27, 10, 172, 26, 191, 80, 189, 6, 87, 153, 97, 70, 107, 0, 88, 178, 35, 4, 2, 170, 171, 141, 51, 166, 145, 188, 17, 167, 101, 116, 23, 157, 180, 129, 68, 85, 32, 54, 103, 104, 19, 113, 106, 175, 36, 11, 159, 169, 8, 98, 3, 28, 57, 147, 138, 187, 56, 49, 44, 125, 62, 151, 165, 94, 55, 92, 12, 122, 78, 66, 193, 15, 135, 168, 184, 91, 137, 186, 52, 126, 40, 112, 65, 142, 64, 136, 45, 77, 89, 154, 90, 71, 190, 74, 30, 119, 96, 84, 67, 50, 183, 150, 69, 21, 18, 111, 108, 58, 174, 131, 148, 110, 194, 1, 173, 83, 81, 60, 13, 163, 14, 156, 63, 117, 5, 22, 143, 121, 38, 41, 82, 127, 114, 20, 31, 53, 37, 195, 192, 130, 152, 176, 86, 76, 24, 34, 181, 149, 33, 128, 182, 155, 146, 139, 120, 140, 102, 47, 25, 158, 123, 46, 164, 61, 7, 115, 75, 133, 160, 105, 132, 179, 124, 48, 73, 93, 39, 95, 29, 177, 185, 161] in cars dataset
2025-09-09 12:54:02,693 [incre_dataset.py] => total_class_num:196 in cars dataset
2025-09-09 12:54:09,889 [_builder.py] => Loading pretrained weights from file (downloaded_ptm/in21k.npz)
2025-09-09 12:54:10,552 [vision_transformer_adapter.py] => model_types:vit_base_patch16_224_in21k
2025-09-09 12:54:11,553 [incre_dataset.py] => class_order:[59, 134, 162, 9, 42, 72, 118, 99, 109, 79, 43, 100, 16, 144, 27, 10, 172, 26, 191, 80, 189, 6, 87, 153, 97, 70, 107, 0, 88, 178, 35, 4, 2, 170, 171, 141, 51, 166, 145, 188, 17, 167, 101, 116, 23, 157, 180, 129, 68, 85, 32, 54, 103, 104, 19, 113, 106, 175, 36, 11, 159, 169, 8, 98, 3, 28, 57, 147, 138, 187, 56, 49, 44, 125, 62, 151, 165, 94, 55, 92, 12, 122, 78, 66, 193, 15, 135, 168, 184, 91, 137, 186, 52, 126, 40, 112, 65, 142, 64, 136, 45, 77, 89, 154, 90, 71, 190, 74, 30, 119, 96, 84, 67, 50, 183, 150, 69, 21, 18, 111, 108, 58, 174, 131, 148, 110, 194, 1, 173, 83, 81, 60, 13, 163, 14, 156, 63, 117, 5, 22, 143, 121, 38, 41, 82, 127, 114, 20, 31, 53, 37, 195, 192, 130, 152, 176, 86, 76, 24, 34, 181, 149, 33, 128, 182, 155, 146, 139, 120, 140, 102, 47, 25, 158, 123, 46, 164, 61, 7, 115, 75, 133, 160, 105, 132, 179, 124, 48, 73, 93, 39, 95, 29, 177, 185, 161] in cars dataset
2025-09-09 12:54:11,553 [incre_dataset.py] => total_class_num:196 in cars dataset
2025-09-09 12:54:11,605 [main.py] => Training on the task 1: 
2025-09-09 12:54:11,607 [DPTA.py] => Learning on 0-16
2025-09-09 12:59:34,833 [DPTA.py] => Task 0, Epoch 20/20 => Loss 0.417, Train_accy 95.69
2025-09-09 13:00:15,946 [main.py] => ACC in all 16 classes after the task 1: 0.9616477489471436
2025-09-09 13:00:15,948 [main.py] => inf time in task 1: 20.605588674545288s
2025-09-09 13:00:15,948 [main.py] => Training on the task 2: 
2025-09-09 13:00:15,952 [DPTA.py] => Learning on 16-36
2025-09-09 13:07:26,257 [DPTA.py] => Task 1, Epoch 20/20 => Loss 0.306, Train_accy 96.03
2025-09-09 13:08:42,906 [main.py] => ACC in all 36 classes after the task 2: 0.9114583730697632
2025-09-09 13:08:42,906 [main.py] => inf time in task 2: 52.149126052856445s
2025-09-09 13:08:42,906 [main.py] => Training on the task 3: 
2025-09-09 13:08:42,910 [DPTA.py] => Learning on 36-56
2025-09-09 13:14:38,181 [DPTA.py] => Task 2, Epoch 20/20 => Loss 0.335, Train_accy 95.76
2025-09-09 13:16:10,663 [main.py] => ACC in all 56 classes after the task 3: 0.8856227397918701
2025-09-09 13:16:10,663 [main.py] => inf time in task 3: 73.03330373764038s
2025-09-09 13:16:10,663 [main.py] => Training on the task 4: 
2025-09-09 13:16:10,666 [DPTA.py] => Learning on 56-76
2025-09-09 13:22:09,060 [DPTA.py] => Task 3, Epoch 20/20 => Loss 0.383, Train_accy 95.14
2025-09-09 13:24:23,075 [main.py] => ACC in all 76 classes after the task 4: 0.8433321714401245
2025-09-09 13:24:23,076 [main.py] => inf time in task 4: 113.22830605506897s
2025-09-09 13:24:23,076 [main.py] => Training on the task 5: 
2025-09-09 13:24:23,079 [DPTA.py] => Learning on 76-96
2025-09-09 13:29:33,902 [DPTA.py] => Task 4, Epoch 20/20 => Loss 0.333, Train_accy 95.82
2025-09-09 13:32:30,794 [main.py] => ACC in all 96 classes after the task 5: 0.8140807747840881
2025-09-09 13:32:30,795 [main.py] => inf time in task 5: 159.27917504310608s
2025-09-09 13:32:30,795 [main.py] => Training on the task 6: 
2025-09-09 13:32:30,798 [DPTA.py] => Learning on 96-116
2025-09-09 13:38:03,382 [DPTA.py] => Task 5, Epoch 20/20 => Loss 0.327, Train_accy 96.44
2025-09-09 13:41:56,595 [main.py] => ACC in all 116 classes after the task 6: 0.7856051921844482
2025-09-09 13:41:56,595 [main.py] => inf time in task 6: 214.5656726360321s
2025-09-09 13:41:56,595 [main.py] => Training on the task 7: 
2025-09-09 13:41:56,599 [DPTA.py] => Learning on 116-136
2025-09-09 13:47:33,779 [DPTA.py] => Task 6, Epoch 20/20 => Loss 0.337, Train_accy 95.75
2025-09-09 13:52:35,750 [main.py] => ACC in all 136 classes after the task 7: 0.7695722579956055
2025-09-09 13:52:35,751 [main.py] => inf time in task 7: 282.53307723999023s
2025-09-09 13:52:35,751 [main.py] => Training on the task 8: 
2025-09-09 13:52:35,755 [DPTA.py] => Learning on 136-156
2025-09-09 13:57:29,173 [DPTA.py] => Task 7, Epoch 20/20 => Loss 0.334, Train_accy 96.28
2025-09-09 14:03:32,893 [main.py] => ACC in all 156 classes after the task 8: 0.7500621676445007
2025-09-09 14:03:32,894 [main.py] => inf time in task 8: 342.8019542694092s
2025-09-09 14:03:32,894 [main.py] => Training on the task 9: 
2025-09-09 14:03:32,898 [DPTA.py] => Learning on 156-176
2025-09-09 14:09:02,599 [DPTA.py] => Task 8, Epoch 20/20 => Loss 0.347, Train_accy 96.12
2025-09-09 14:16:18,865 [main.py] => ACC in all 176 classes after the task 9: 0.7327002882957458
2025-09-09 14:16:18,865 [main.py] => inf time in task 9: 417.92329692840576s
2025-09-09 14:16:18,865 [main.py] => Training on the task 10: 
2025-09-09 14:16:18,869 [DPTA.py] => Learning on 176-196
2025-09-09 14:21:47,647 [DPTA.py] => Task 9, Epoch 20/20 => Loss 0.321, Train_accy 96.23
2025-09-09 14:30:21,892 [main.py] => ACC in all 196 classes after the task 10: 0.7102899551391602
2025-09-09 14:30:21,893 [main.py] => inf time in task 10: 495.32908177375793s
2025-09-09 14:30:21,893 [main.py] => Final ACC in all tasks: 0.7102899551391602
2025-09-09 14:30:21,893 [main.py] => Avg ACC in all tasks: 0.816437166929245

